��s r c / A p p . t s x ( 4 6 4 , 1 9 ) :   e r r o r   T S 2 3 5 3 :   O b j e c t   l i t e r a l   m a y   o n l y   s p e c i f y   k n o w n   p r o p e r t i e s ,   a n d   ' p l a y e r V a r s '   d o e s   n o t   e x i s t   i n   t y p e   ' {   c c _ l a n g _ p r e f ? :   s t r i n g ;   c c _ l o a d _ p o l i c y ? :   0   |   1 ;   c o l o r ? :   " w h i t e "   |   " r e d " ;   d i s a b l e k b ? :   0   |   1 ;   e n a b l e j s a p i ? :   0   |   1 ;   e n d ? :   n u m b e r ;   f s ? :   0   |   1 ;   h l ? :   s t r i n g ;   i v _ l o a d _ p o l i c y ? :   1   |   3 ;   o r i g i n ? :   s t r i n g ;   p l a y l i s t ? :   s t r i n g ;   r e l ? :   0   |   1 ;   s t a r t ? :   n u m b e r ;   w i d g e t _ r e f e r r e r ? :   s t r i n g ;   r e f e r r e r p o l i c y ? :   s t r i n g ;   } ' .  
 